2026-08-06 14:21:29,629 - fastapi - ERROR - Form data requires "python-multipart" to be installed. 
You can install "python-multipart" with: 

pip install python-multipart

2026-08-06 15:11:05,779 - auditoria - INFO - Usuário logado: user@email.com
2026-08-06 16:11:13,532 - auditoria - INFO - Usuário logado: user@email.com
2026-08-06 16:12:31,354 - auditoria - INFO - Usuário logado: user@email.com
2026-08-07 15:11:17,058 - auditoria - INFO - Usuário logado: admin@email.com
2026-08-10 17:16:49,141 - auditoria - INFO - Usuário logado: admin@email.com
2026-08-10 17:20:09,745 - auditoria - INFO - Usuário logado: admin@email.com
2026-08-10 17:20:21,206 - auditoria - INFO - Usuário com permissãoo de admin acessou o painel_admin
2026-08-10 18:12:01,006 - auditoria - INFO - Usuário logado: admin@email.com
2026-08-10 18:12:22,651 - auditoria - INFO - Usuário com permissãoo de admin acessou o painel_admin
2026-08-11 15:22:05,817 - auditoria - INFO - Usuário com permissãoo de admin acessou o painel_admin
2026-08-12 17:00:39,071 - auditoria - INFO - Usuario logado com sucesso:admin@email.com
2026-08-12 17:33:58,229 - auditoria - WARNING - Falha no login:string
2026-08-12 17:34:37,229 - auditoria - INFO - Usuario logado com sucesso:admin@email.com
2026-08-12 17:38:27,333 - auditoria - INFO - Usuario logado com sucesso:admin@email.com
2026-08-13 16:09:25,784 - auditoria - WARNING - Falha de login:admin@email.com
2026-08-13 16:09:27,150 - auditoria - WARNING - Falha de login:admin@email.com
2026-08-13 16:09:28,224 - auditoria - WARNING - Falha de login:admin@email.com
2026-08-13 16:09:29,066 - auditoria - WARNING - Falha de login:admin@email.com
2026-08-13 16:09:49,884 - auditoria - INFO - Usuario logado com sucesso:admin@email.com
2026-08-13 16:14:47,342 - auditoria - INFO - Usuario logado com sucesso:admin@email.com
2026-08-13 16:14:48,323 - auditoria - INFO - Usuario logado com sucesso:admin@email.com
2026-08-13 16:15:10,588 - auditoria - WARNING - Falha de login:admin@email.com
2026-08-13 16:15:21,724 - auditoria - WARNING - Falha no login:admin7890
2026-08-13 16:16:08,478 - auditoria - INFO - Usuario logado com sucesso:admin@email.com
2026-08-14 15:41:09,303 - auditoria - INFO - Usuario logado com sucesso:admin@email.com
2026-08-14 15:41:37,842 - auditoria - INFO - Administardor None acessou o painel
2026-08-14 15:43:11,579 - auditoria - INFO - Usuario logado com sucesso:user@email.com
2026-08-14 15:43:22,989 - auditoria - ERROR - Acesso negado para Noneno painel admin.
